// Jest Snapshot v1, https://goo.gl/fbAQLP

exports[`getVersionsOrUpdate majors calculated dates match snapshot 1`] = `
[
  {
    "alpha": {
      "estimated": "2024-02-21",
    },
    "beta": {
      "estimated": "2024-03-20",
    },
    "endOfLife": {
      "estimated": "2024-10-15",
    },
    "major": 30,
    "stable": {
      "estimated": "2024-04-16",
    },
  },
  {
    "alpha": {
      "actual": "2023-12-06",
    },
    "beta": {
      "estimated": "2024-01-24",
    },
    "endOfLife": {
      "estimated": "2024-08-20",
    },
    "major": 29,
    "stable": {
      "estimated": "2024-02-20",
    },
  },
  {
    "alpha": {
      "actual": "2023-10-11",
    },
    "beta": {
      "actual": "2023-10-30",
    },
    "endOfLife": {
      "estimated": "2024-06-11",
    },
    "major": 28,
    "stable": {
      "actual": "2023-12-04",
    },
  },
  {
    "alpha": {
      "actual": "2023-08-16",
    },
    "beta": {
      "actual": "2023-09-11",
    },
    "endOfLife": {
      "estimated": "2024-04-16",
    },
    "major": 27,
    "stable": {
      "actual": "2023-10-09",
    },
  },
  {
    "alpha": {
      "actual": "2023-05-31",
    },
    "beta": {
      "actual": "2023-06-26",
    },
    "endOfLife": {
      "estimated": "2024-02-20",
    },
    "major": 26,
    "stable": {
      "actual": "2023-08-14",
    },
  },
  {
    "alpha": {
      "actual": "2023-04-06",
    },
    "beta": {
      "actual": "2023-05-01",
    },
    "endOfLife": {
      "actual": "2023-12-04",
    },
    "major": 25,
    "stable": {
      "actual": "2023-05-29",
    },
  },
  {
    "alpha": {
      "actual": "2023-02-09",
    },
    "beta": {
      "actual": "2023-03-06",
    },
    "endOfLife": {
      "actual": "2023-10-09",
    },
    "major": 24,
    "stable": {
      "actual": "2023-04-03",
    },
  },
  {
    "alpha": {
      "actual": "2022-12-05",
    },
    "beta": {
      "actual": "2023-01-10",
    },
    "endOfLife": {
      "actual": "2023-08-14",
    },
    "major": 23,
    "stable": {
      "actual": "2023-02-06",
    },
  },
  {
    "alpha": {
      "actual": "2022-09-28",
    },
    "beta": {
      "actual": "2022-10-25",
    },
    "endOfLife": {
      "actual": "2023-10-10",
    },
    "major": 22,
    "stable": {
      "actual": "2022-11-29",
    },
  },
  {
    "alpha": {
      "actual": "2022-08-03",
    },
    "beta": {
      "actual": "2022-08-30",
    },
    "endOfLife": {
      "actual": "2023-04-03",
    },
    "major": 21,
    "stable": {
      "actual": "2022-09-26",
    },
  },
  {
    "alpha": {
      "actual": "2022-05-25",
    },
    "beta": {
      "actual": "2022-06-21",
    },
    "endOfLife": {
      "actual": "2023-02-06",
    },
    "major": 20,
    "stable": {
      "actual": "2022-08-01",
    },
  },
  {
    "alpha": {
      "actual": "2022-03-30",
    },
    "beta": {
      "actual": "2022-04-28",
    },
    "endOfLife": {
      "actual": "2022-11-29",
    },
    "major": 19,
    "stable": {
      "actual": "2022-05-23",
    },
  },
  {
    "alpha": {
      "actual": "2022-02-02",
    },
    "beta": {
      "actual": "2022-03-08",
    },
    "endOfLife": {
      "actual": "2022-09-26",
    },
    "major": 18,
    "stable": {
      "actual": "2022-03-29",
    },
  },
  {
    "alpha": {
      "actual": "2021-11-17",
    },
    "beta": {
      "actual": "2022-01-06",
    },
    "endOfLife": {
      "actual": "2022-08-01",
    },
    "major": 17,
    "stable": {
      "actual": "2022-02-01",
    },
  },
  {
    "alpha": {
      "actual": "2021-09-22",
    },
    "beta": {
      "actual": "2021-10-20",
    },
    "endOfLife": {
      "actual": "2022-05-23",
    },
    "major": 16,
    "stable": {
      "actual": "2021-11-16",
    },
  },
  {
    "alpha": {
      "actual": "2021-07-21",
    },
    "beta": {
      "actual": "2021-08-31",
    },
    "endOfLife": {
      "actual": "2022-05-23",
    },
    "major": 15,
    "stable": {
      "actual": "2021-09-21",
    },
  },
  {
    "alpha": null,
    "beta": {
      "actual": "2021-05-26",
    },
    "endOfLife": {
      "actual": "2022-03-29",
    },
    "major": 14,
    "stable": {
      "actual": "2021-08-30",
    },
  },
  {
    "alpha": null,
    "beta": {
      "actual": "2021-03-05",
    },
    "endOfLife": {
      "actual": "2022-02-01",
    },
    "major": 13,
    "stable": {
      "actual": "2021-05-25",
    },
  },
  {
    "alpha": null,
    "beta": {
      "actual": "2020-11-19",
    },
    "endOfLife": {
      "actual": "2021-11-16",
    },
    "major": 12,
    "stable": {
      "actual": "2021-03-02",
    },
  },
  {
    "alpha": null,
    "beta": {
      "actual": "2020-08-26",
    },
    "endOfLife": {
      "actual": "2021-08-30",
    },
    "major": 11,
    "stable": {
      "actual": "2020-11-16",
    },
  },
  {
    "alpha": null,
    "beta": {
      "actual": "2020-05-22",
    },
    "endOfLife": {
      "actual": "2021-05-25",
    },
    "major": 10,
    "stable": {
      "actual": "2020-08-24",
    },
  },
  {
    "alpha": null,
    "beta": {
      "actual": "2020-02-10",
    },
    "endOfLife": {
      "actual": "2021-03-02",
    },
    "major": 9,
    "stable": {
      "actual": "2020-05-19",
    },
  },
  {
    "alpha": null,
    "beta": {
      "actual": "2019-10-24",
    },
    "endOfLife": {
      "actual": "2020-11-16",
    },
    "major": 8,
    "stable": {
      "actual": "2020-02-03",
    },
  },
  {
    "alpha": null,
    "beta": {
      "actual": "2019-08-01",
    },
    "endOfLife": {
      "actual": "2020-08-24",
    },
    "major": 7,
    "stable": {
      "actual": "2019-10-21",
    },
  },
  {
    "alpha": null,
    "beta": {
      "actual": "2019-05-01",
    },
    "endOfLife": {
      "actual": "2020-05-19",
    },
    "major": 6,
    "stable": {
      "actual": "2019-07-29",
    },
  },
  {
    "alpha": null,
    "beta": {
      "actual": "2019-01-24",
    },
    "endOfLife": {
      "actual": "2020-02-03",
    },
    "major": 5,
    "stable": {
      "actual": "2019-04-24",
    },
  },
  {
    "alpha": null,
    "beta": {
      "actual": "2018-10-11",
    },
    "endOfLife": {
      "actual": "2019-10-21",
    },
    "major": 4,
    "stable": {
      "actual": "2018-12-20",
    },
  },
  {
    "alpha": null,
    "beta": {
      "actual": "2018-06-20",
    },
    "endOfLife": {
      "actual": "2019-07-29",
    },
    "major": 3,
    "stable": {
      "actual": "2018-09-18",
    },
  },
  {
    "alpha": null,
    "beta": {
      "actual": "2018-02-21",
    },
    "endOfLife": {
      "actual": "2019-04-24",
    },
    "major": 2,
    "stable": {
      "actual": "2018-05-01",
    },
  },
]
`;
